
  [32m[1mVITE[22m v5.4.19[39m  [2mready in [0m[1m207[22m[2m[0m ms[22m

  [32m➜[39m  [1mLocal[22m:   [36mhttp://127.0.0.1:[1m5173[22m/[39m
[2m11:24:29 pm[22m [36m[1m[vite][22m[39m [32mhmr update [39m[2m/src/pages/AlienPrototypePage.jsx, /src/index.css[22m
[2m11:25:48 pm[22m [36m[1m[vite][22m[39m [32mhmr update [39m[2m/src/pages/HomePage.jsx, /src/index.css[22m
[2m11:37:31 pm[22m [36m[1m[vite][22m[39m [32mhmr update [39m[2m/src/pages/AlienPrototypePage.jsx, /src/index.css[22m
[2m11:38:17 pm[22m [36m[1m[vite][22m[39m [32mhmr update [39m[2m/src/pages/AlienPrototypePage.jsx, /src/index.css[22m
[2m11:38:55 pm[22m [36m[1m[vite][22m[39m [32mhmr update [39m[2m/src/pages/AlienPrototypePage.jsx, /src/index.css[22m
[2m11:39:17 pm[22m [36m[1m[vite][22m[39m [32mhmr update [39m[2m/src/pages/AlienPrototypePage.jsx, /src/index.css[22m
[2m11:39:31 pm[22m [36m[1m[vite][22m[39m [32mhmr update [39m[2m/src/pages/HomePage.jsx, /src/index.css[22m
[2m11:40:29 pm[22m [36m[1m[vite][22m[39m [32mhmr update [39m[2m/src/pages/HomePage.jsx, /src/index.css[22m
[2m11:40:29 pm[22m [36m[1m[vite][22m[39m [32mhmr update [39m[2m/src/pages/AlienPrototypePage.jsx, /src/index.css[22m
[2m11:40:29 pm[22m [36m[1m[vite][22m[39m [32mhmr update [39m[2m/src/pages/AlienPrototypePage.jsx, /src/index.css[22m
[2m1:24:12 am[22m [36m[1m[vite][22m[39m [32mhmr update [39m[2m/src/pages/AlienPrototypePage.jsx, /src/index.css[22m
[2m1:25:46 am[22m [36m[1m[vite][22m[39m [32mhmr update [39m[2m/src/pages/AlienPrototypePage.jsx, /src/index.css[22m
[2m1:26:40 am[22m [36m[1m[vite][22m[39m [32mhmr update [39m[2m/src/pages/AlienPrototypePage.jsx, /src/index.css[22m
[2m1:27:53 am[22m [36m[1m[vite][22m[39m [32mhmr update [39m[2m/src/pages/AlienPrototypePage.jsx, /src/index.css[22m
[2m1:33:30 am[22m [36m[1m[vite][22m[39m [32mhmr update [39m[2m/src/pages/AlienPrototypePage.jsx, /src/index.css[22m
[2m2:07:16 am[22m [36m[1m[vite][22m[39m [32mhmr update [39m[2m/src/pages/AlienPrototypePage.jsx, /src/index.css[22m
[2m2:07:16 am[22m [36m[1m[vite][22m[39m [32mhmr update [39m[2m/src/pages/AlienPrototypePage.jsx, /src/index.css[22m
[2m2:07:16 am[22m [36m[1m[vite][22m[39m [32mhmr update [39m[2m/src/App.jsx, /src/index.css[22m
[2m2:07:16 am[22m [36m[1m[vite][22m[39m [32mhmr update [39m[2m/src/pages/HomePage.jsx, /src/index.css[22m
[2m2:11:21 am[22m [36m[1m[vite][22m[39m [32mhmr update [39m[2m/src/App.jsx, /src/index.css[22m
[2m2:11:21 am[22m [36m[1m[vite][22m[39m [32mpage reload [39m[2msrc/lib/alienPrototypeI18n.js[22m
[2m2:11:21 am[22m [36m[1m[vite][22m[39m [32mhmr update [39m[2m/src/pages/HomePage.jsx, /src/index.css[22m
[2m2:11:21 am[22m [36m[1m[vite][22m[39m [32mhmr update [39m[2m/src/pages/AlienPrototypePage.jsx[22m
[2m2:24:12 am[22m [36m[1m[vite][22m[39m [32mhmr update [39m[2m/src/pages/AlienPrototypePage.jsx, /src/index.css[22m
[2m2:25:02 am[22m [36m[1m[vite][22m[39m [32mhmr update [39m[2m/src/index.css, /src/pages/AlienPrototypePage.jsx[22m
[2m2:25:54 am[22m [36m[1m[vite][22m[39m [32mhmr update [39m[2m/src/pages/AlienPrototypePage.jsx, /src/index.css[22m
